// Jest Snapshot v1, https://goo.gl/fbAQLP

exports[`Global should have global style 1`] = `<head />`;
